// Jest Snapshot v1, https://goo.gl/fbAQLP

exports[`AnimatedCard renders correctly 1`] = `
<View
  collapsable={false}
  style={
    [
      {
        "alignSelf": "center",
        "marginTop": 4,
        "width": 718,
        "zIndex": 10,
      },
      {
        "transform": [
          {
            "translateX": 0,
          },
          {
            "rotateZ": "0deg",
          },
        ],
      },
    ]
  }
>
  <View
    style={
      {
        "alignSelf": "center",
        "backgroundColor": "#fff",
        "borderRadius": 22,
        "elevation": 4,
        "height": 680,
        "marginVertical": 12,
        "overflow": "hidden",
        "shadowColor": "#000",
        "shadowOffset": {
          "height": 8,
          "width": 0,
        },
        "shadowOpacity": 0.1,
        "shadowRadius": 10,
        "width": 660,
      }
    }
  >
    <Image
      resizeMode="cover"
      source={
        {
          "uri": "cat.png",
        }
      }
      style={
        {
          "height": "100%",
          "width": "100%",
        }
      }
    />
    <View
      style={
        {
          "alignItems": "center",
          "backgroundColor": "#fff",
          "borderTopLeftRadius": 20,
          "borderTopRightRadius": 20,
          "bottom": 0,
          "elevation": 1,
          "flexDirection": "row",
          "height": 70,
          "justifyContent": "space-between",
          "left": 12,
          "paddingHorizontal": 18,
          "paddingVertical": 12,
          "position": "absolute",
          "right": 12,
          "shadowOffset": {
            "height": -1,
            "width": 0,
          },
          "shadowOpacity": 0.05,
          "shadowRadius": 2,
        }
      }
    >
      <View>
        <Text
          style={
            {
              "color": "#434141",
              "fontSize": 19,
              "fontWeight": "700",
              "marginBottom": 2,
            }
          }
        >
          Whiskers
        </Text>
        <Text
          style={
            {
              "color": "#BFBFC0",
              "fontSize": 13,
            }
          }
        >
          FR
        </Text>
      </View>
      <Text
        style={
          {
            "color": "#434141",
            "fontSize": 18,
            "fontWeight": "700",
          }
        }
      >
        0
      </Text>
    </View>
  </View>
</View>
`;
